TimeQuest Timing Analyzer report for step_3
Fri Dec 08 14:54:34 2023
Quartus II 64-Bit Version 13.1.0 Build 162 10/23/2013 SJ Web Edition


---------------------
; Table of Contents ;
---------------------
  1. Legal Notice
  2. TimeQuest Timing Analyzer Summary
  3. Parallel Compilation
  4. Clocks
  5. Slow 1200mV 85C Model Fmax Summary
  6. Timing Closure Recommendations
  7. Slow 1200mV 85C Model Setup Summary
  8. Slow 1200mV 85C Model Hold Summary
  9. Slow 1200mV 85C Model Recovery Summary
 10. Slow 1200mV 85C Model Removal Summary
 11. Slow 1200mV 85C Model Minimum Pulse Width Summary
 12. Slow 1200mV 85C Model Setup: 'clk'
 13. Slow 1200mV 85C Model Hold: 'clk'
 14. Slow 1200mV 85C Model Recovery: 'clk'
 15. Slow 1200mV 85C Model Removal: 'clk'
 16. Slow 1200mV 85C Model Minimum Pulse Width: 'clk'
 17. Slow 1200mV 85C Model Minimum Pulse Width: 'reset'
 18. Setup Times
 19. Hold Times
 20. Clock to Output Times
 21. Minimum Clock to Output Times
 22. Propagation Delay
 23. Minimum Propagation Delay
 24. Slow 1200mV 85C Model Metastability Report
 25. Slow 1200mV 0C Model Fmax Summary
 26. Slow 1200mV 0C Model Setup Summary
 27. Slow 1200mV 0C Model Hold Summary
 28. Slow 1200mV 0C Model Recovery Summary
 29. Slow 1200mV 0C Model Removal Summary
 30. Slow 1200mV 0C Model Minimum Pulse Width Summary
 31. Slow 1200mV 0C Model Setup: 'clk'
 32. Slow 1200mV 0C Model Hold: 'clk'
 33. Slow 1200mV 0C Model Recovery: 'clk'
 34. Slow 1200mV 0C Model Removal: 'clk'
 35. Slow 1200mV 0C Model Minimum Pulse Width: 'clk'
 36. Slow 1200mV 0C Model Minimum Pulse Width: 'reset'
 37. Setup Times
 38. Hold Times
 39. Clock to Output Times
 40. Minimum Clock to Output Times
 41. Propagation Delay
 42. Minimum Propagation Delay
 43. Slow 1200mV 0C Model Metastability Report
 44. Fast 1200mV 0C Model Setup Summary
 45. Fast 1200mV 0C Model Hold Summary
 46. Fast 1200mV 0C Model Recovery Summary
 47. Fast 1200mV 0C Model Removal Summary
 48. Fast 1200mV 0C Model Minimum Pulse Width Summary
 49. Fast 1200mV 0C Model Setup: 'clk'
 50. Fast 1200mV 0C Model Hold: 'clk'
 51. Fast 1200mV 0C Model Recovery: 'clk'
 52. Fast 1200mV 0C Model Removal: 'clk'
 53. Fast 1200mV 0C Model Minimum Pulse Width: 'clk'
 54. Fast 1200mV 0C Model Minimum Pulse Width: 'reset'
 55. Setup Times
 56. Hold Times
 57. Clock to Output Times
 58. Minimum Clock to Output Times
 59. Propagation Delay
 60. Minimum Propagation Delay
 61. Fast 1200mV 0C Model Metastability Report
 62. Multicorner Timing Analysis Summary
 63. Setup Times
 64. Hold Times
 65. Clock to Output Times
 66. Minimum Clock to Output Times
 67. Propagation Delay
 68. Minimum Propagation Delay
 69. Board Trace Model Assignments
 70. Input Transition Times
 71. Slow Corner Signal Integrity Metrics
 72. Fast Corner Signal Integrity Metrics
 73. Setup Transfers
 74. Hold Transfers
 75. Recovery Transfers
 76. Removal Transfers
 77. Report TCCS
 78. Report RSKM
 79. Unconstrained Paths
 80. TimeQuest Timing Analyzer Messages



----------------
; Legal Notice ;
----------------
Copyright (C) 1991-2013 Altera Corporation
Your use of Altera Corporation's design tools, logic functions 
and other software and tools, and its AMPP partner logic 
functions, and any output files from any of the foregoing 
(including device programming or simulation files), and any 
associated documentation or information are expressly subject 
to the terms and conditions of the Altera Program License 
Subscription Agreement, Altera MegaCore Function License 
Agreement, or other applicable license agreement, including, 
without limitation, that your use is for the sole purpose of 
programming logic devices manufactured by Altera and sold by 
Altera or its authorized distributors.  Please refer to the 
applicable agreement for further details.



+-------------------------------------------------------------------------+
; TimeQuest Timing Analyzer Summary                                       ;
+--------------------+----------------------------------------------------+
; Quartus II Version ; Version 13.1.0 Build 162 10/23/2013 SJ Web Edition ;
; Revision Name      ; step_3                                             ;
; Device Family      ; Cyclone III                                        ;
; Device Name        ; EP3C16F484C6                                       ;
; Timing Models      ; Final                                              ;
; Delay Model        ; Combined                                           ;
; Rise/Fall Delays   ; Enabled                                            ;
+--------------------+----------------------------------------------------+


Parallel compilation was disabled, but you have multiple processors available. Enable parallel compilation to reduce compilation time.
+-------------------------------------+
; Parallel Compilation                ;
+----------------------------+--------+
; Processors                 ; Number ;
+----------------------------+--------+
; Number detected on machine ; 16     ;
; Maximum allowed            ; 1      ;
+----------------------------+--------+


+-----------------------------------------------------------------------------------------------------------------------------------------------------------------------------------+
; Clocks                                                                                                                                                                            ;
+------------+------+--------+------------+-------+-------+------------+-----------+-------------+-------+--------+-----------+------------+----------+--------+--------+-----------+
; Clock Name ; Type ; Period ; Frequency  ; Rise  ; Fall  ; Duty Cycle ; Divide by ; Multiply by ; Phase ; Offset ; Edge List ; Edge Shift ; Inverted ; Master ; Source ; Targets   ;
+------------+------+--------+------------+-------+-------+------------+-----------+-------------+-------+--------+-----------+------------+----------+--------+--------+-----------+
; clk        ; Base ; 1.000  ; 1000.0 MHz ; 0.000 ; 0.500 ;            ;           ;             ;       ;        ;           ;            ;          ;        ;        ; { clk }   ;
; reset      ; Base ; 1.000  ; 1000.0 MHz ; 0.000 ; 0.500 ;            ;           ;             ;       ;        ;           ;            ;          ;        ;        ; { reset } ;
+------------+------+--------+------------+-------+-------+------------+-----------+-------------+-------+--------+-----------+------------+----------+--------+--------+-----------+


+-----------------------------------------------------------------------------------------------------------+
; Slow 1200mV 85C Model Fmax Summary                                                                        ;
+------------+-----------------+------------+---------------------------------------------------------------+
; Fmax       ; Restricted Fmax ; Clock Name ; Note                                                          ;
+------------+-----------------+------------+---------------------------------------------------------------+
; 920.81 MHz ; 250.0 MHz       ; clk        ; limit due to minimum period restriction (max I/O toggle rate) ;
+------------+-----------------+------------+---------------------------------------------------------------+
This panel reports FMAX for every clock in the design, regardless of the user-specified clock periods.  FMAX is only computed for paths where the source and destination registers or ports are driven by the same clock.  Paths of different clocks, including generated clocks, are ignored.  For paths between a clock and its inversion, FMAX is computed as if the rising and falling edges are scaled along with FMAX, such that the duty cycle (in terms of a percentage) is maintained. Altera recommends that you always use clock constraints and other slack reports for sign-off analysis.


----------------------------------
; Timing Closure Recommendations ;
----------------------------------
HTML report is unavailable in plain text report export.


+-------------------------------------+
; Slow 1200mV 85C Model Setup Summary ;
+-------+--------+--------------------+
; Clock ; Slack  ; End Point TNS      ;
+-------+--------+--------------------+
; clk   ; -0.086 ; -0.086             ;
+-------+--------+--------------------+


+------------------------------------+
; Slow 1200mV 85C Model Hold Summary ;
+-------+-------+--------------------+
; Clock ; Slack ; End Point TNS      ;
+-------+-------+--------------------+
; clk   ; 0.007 ; 0.000              ;
+-------+-------+--------------------+


+----------------------------------------+
; Slow 1200mV 85C Model Recovery Summary ;
+-------+-------+------------------------+
; Clock ; Slack ; End Point TNS          ;
+-------+-------+------------------------+
; clk   ; 0.239 ; 0.000                  ;
+-------+-------+------------------------+


+---------------------------------------+
; Slow 1200mV 85C Model Removal Summary ;
+-------+-------+-----------------------+
; Clock ; Slack ; End Point TNS         ;
+-------+-------+-----------------------+
; clk   ; 0.012 ; 0.000                 ;
+-------+-------+-----------------------+


+---------------------------------------------------+
; Slow 1200mV 85C Model Minimum Pulse Width Summary ;
+-------+--------+----------------------------------+
; Clock ; Slack  ; End Point TNS                    ;
+-------+--------+----------------------------------+
; clk   ; -3.000 ; -4.000                           ;
; reset ; -3.000 ; -3.000                           ;
+-------+--------+----------------------------------+


+------------------------------------------------------------------------------------------------------------------+
; Slow 1200mV 85C Model Setup: 'clk'                                                                               ;
+--------+-----------------+-----------------+--------------+-------------+--------------+------------+------------+
; Slack  ; From Node       ; To Node         ; Launch Clock ; Latch Clock ; Relationship ; Clock Skew ; Data Delay ;
+--------+-----------------+-----------------+--------------+-------------+--------------+------------+------------+
; -0.086 ; count~_emulated ; count~_emulated ; clk          ; clk         ; 1.000        ; -0.078     ; 1.023      ;
; -0.021 ; count~1         ; count~_emulated ; reset        ; clk         ; 0.500        ; 0.830      ; 1.336      ;
; 0.191  ; reset           ; count~_emulated ; reset        ; clk         ; 0.500        ; 2.219      ; 2.513      ;
; 0.540  ; reset           ; count~_emulated ; reset        ; clk         ; 1.000        ; 2.219      ; 2.664      ;
+--------+-----------------+-----------------+--------------+-------------+--------------+------------+------------+


+-----------------------------------------------------------------------------------------------------------------+
; Slow 1200mV 85C Model Hold: 'clk'                                                                               ;
+-------+-----------------+-----------------+--------------+-------------+--------------+------------+------------+
; Slack ; From Node       ; To Node         ; Launch Clock ; Latch Clock ; Relationship ; Clock Skew ; Data Delay ;
+-------+-----------------+-----------------+--------------+-------------+--------------+------------+------------+
; 0.007 ; reset           ; count~_emulated ; reset        ; clk         ; 0.000        ; 2.297      ; 2.491      ;
; 0.339 ; reset           ; count~_emulated ; reset        ; clk         ; -0.500       ; 2.297      ; 2.323      ;
; 0.591 ; count~1         ; count~_emulated ; reset        ; clk         ; -0.500       ; 0.940      ; 1.218      ;
; 0.668 ; count~_emulated ; count~_emulated ; clk          ; clk         ; 0.000        ; 0.078      ; 0.903      ;
+-------+-----------------+-----------------+--------------+-------------+--------------+------------+------------+


+-----------------------------------------------------------------------------------------------------------+
; Slow 1200mV 85C Model Recovery: 'clk'                                                                     ;
+-------+-----------+-----------------+--------------+-------------+--------------+------------+------------+
; Slack ; From Node ; To Node         ; Launch Clock ; Latch Clock ; Relationship ; Clock Skew ; Data Delay ;
+-------+-----------+-----------------+--------------+-------------+--------------+------------+------------+
; 0.239 ; reset     ; count~_emulated ; reset        ; clk         ; 0.500        ; 2.219      ; 2.465      ;
; 0.594 ; reset     ; count~_emulated ; reset        ; clk         ; 1.000        ; 2.219      ; 2.610      ;
+-------+-----------+-----------------+--------------+-------------+--------------+------------+------------+


+-----------------------------------------------------------------------------------------------------------+
; Slow 1200mV 85C Model Removal: 'clk'                                                                      ;
+-------+-----------+-----------------+--------------+-------------+--------------+------------+------------+
; Slack ; From Node ; To Node         ; Launch Clock ; Latch Clock ; Relationship ; Clock Skew ; Data Delay ;
+-------+-----------+-----------------+--------------+-------------+--------------+------------+------------+
; 0.012 ; reset     ; count~_emulated ; reset        ; clk         ; 0.000        ; 2.297      ; 2.496      ;
; 0.360 ; reset     ; count~_emulated ; reset        ; clk         ; -0.500       ; 2.297      ; 2.344      ;
+-------+-----------+-----------------+--------------+-------------+--------------+------------+------------+


+------------------------------------------------------------------------------------------------------+
; Slow 1200mV 85C Model Minimum Pulse Width: 'clk'                                                     ;
+--------+--------------+----------------+------------------+-------+------------+---------------------+
; Slack  ; Actual Width ; Required Width ; Type             ; Clock ; Clock Edge ; Target              ;
+--------+--------------+----------------+------------------+-------+------------+---------------------+
; -3.000 ; 1.000        ; 4.000          ; Port Rate        ; clk   ; Rise       ; clk                 ;
; -1.000 ; 1.000        ; 2.000          ; Min Period       ; clk   ; Fall       ; count~_emulated     ;
; 0.110  ; 0.326        ; 0.216          ; High Pulse Width ; clk   ; Fall       ; count~_emulated     ;
; 0.320  ; 0.320        ; 0.000          ; Low Pulse Width  ; clk   ; Rise       ; count~_emulated|clk ;
; 0.339  ; 0.339        ; 0.000          ; Low Pulse Width  ; clk   ; Rise       ; clk~input|o         ;
; 0.486  ; 0.670        ; 0.184          ; Low Pulse Width  ; clk   ; Fall       ; count~_emulated     ;
; 0.500  ; 0.500        ; 0.000          ; High Pulse Width ; clk   ; Rise       ; clk~input|i         ;
; 0.500  ; 0.500        ; 0.000          ; Low Pulse Width  ; clk   ; Rise       ; clk~input|i         ;
; 0.661  ; 0.661        ; 0.000          ; High Pulse Width ; clk   ; Rise       ; clk~input|o         ;
; 0.679  ; 0.679        ; 0.000          ; High Pulse Width ; clk   ; Rise       ; count~_emulated|clk ;
+--------+--------------+----------------+------------------+-------+------------+---------------------+


+------------------------------------------------------------------------------------------------+
; Slow 1200mV 85C Model Minimum Pulse Width: 'reset'                                             ;
+--------+--------------+----------------+------------------+-------+------------+---------------+
; Slack  ; Actual Width ; Required Width ; Type             ; Clock ; Clock Edge ; Target        ;
+--------+--------------+----------------+------------------+-------+------------+---------------+
; -3.000 ; 1.000        ; 4.000          ; Port Rate        ; reset ; Rise       ; reset         ;
; 0.336  ; 0.336        ; 0.000          ; Low Pulse Width  ; reset ; Rise       ; count~1       ;
; 0.339  ; 0.339        ; 0.000          ; Low Pulse Width  ; reset ; Rise       ; reset~input|o ;
; 0.345  ; 0.345        ; 0.000          ; Low Pulse Width  ; reset ; Rise       ; count~1|datad ;
; 0.500  ; 0.500        ; 0.000          ; High Pulse Width ; reset ; Rise       ; reset~input|i ;
; 0.500  ; 0.500        ; 0.000          ; Low Pulse Width  ; reset ; Rise       ; reset~input|i ;
; 0.653  ; 0.653        ; 0.000          ; High Pulse Width ; reset ; Rise       ; count~1|datad ;
; 0.661  ; 0.661        ; 0.000          ; High Pulse Width ; reset ; Rise       ; reset~input|o ;
; 0.662  ; 0.662        ; 0.000          ; High Pulse Width ; reset ; Rise       ; count~1       ;
+--------+--------------+----------------+------------------+-------+------------+---------------+


+-----------------------------------------------------------------------+
; Setup Times                                                           ;
+-----------+------------+-------+-------+------------+-----------------+
; Data Port ; Clock Port ; Rise  ; Fall  ; Clock Edge ; Clock Reference ;
+-----------+------------+-------+-------+------------+-----------------+
; EO        ; clk        ; 2.081 ; 2.544 ; Fall       ; clk             ;
; reset     ; clk        ; 0.279 ; 0.430 ; Fall       ; clk             ;
; EO        ; reset      ; 3.254 ; 3.712 ; Rise       ; reset           ;
+-----------+------------+-------+-------+------------+-----------------+


+-------------------------------------------------------------------------+
; Hold Times                                                              ;
+-----------+------------+--------+--------+------------+-----------------+
; Data Port ; Clock Port ; Rise   ; Fall   ; Clock Edge ; Clock Reference ;
+-----------+------------+--------+--------+------------+-----------------+
; EO        ; clk        ; -1.641 ; -2.072 ; Fall       ; clk             ;
; reset     ; clk        ; 0.131  ; -0.037 ; Fall       ; clk             ;
; EO        ; reset      ; -2.360 ; -2.785 ; Rise       ; reset           ;
+-----------+------------+--------+--------+------------+-----------------+


+-----------------------------------------------------------------------+
; Clock to Output Times                                                 ;
+-----------+------------+-------+-------+------------+-----------------+
; Data Port ; Clock Port ; Rise  ; Fall  ; Clock Edge ; Clock Reference ;
+-----------+------------+-------+-------+------------+-----------------+
; led[*]    ; clk        ; 7.490 ; 7.509 ; Fall       ; clk             ;
;  led[0]   ; clk        ; 7.468 ; 7.487 ; Fall       ; clk             ;
;  led[3]   ; clk        ; 7.490 ; 7.509 ; Fall       ; clk             ;
;  led[4]   ; clk        ; 7.418 ; 7.436 ; Fall       ; clk             ;
;  led[5]   ; clk        ; 7.418 ; 7.436 ; Fall       ; clk             ;
; led[*]    ; reset      ; 6.871 ; 6.909 ; Rise       ; reset           ;
;  led[0]   ; reset      ; 6.849 ; 6.887 ; Rise       ; reset           ;
;  led[3]   ; reset      ; 6.871 ; 6.909 ; Rise       ; reset           ;
;  led[4]   ; reset      ; 6.799 ; 6.836 ; Rise       ; reset           ;
;  led[5]   ; reset      ; 6.799 ; 6.836 ; Rise       ; reset           ;
; led[*]    ; reset      ; 6.834 ; 6.809 ; Fall       ; reset           ;
;  led[0]   ; reset      ; 6.812 ; 6.787 ; Fall       ; reset           ;
;  led[3]   ; reset      ; 6.834 ; 6.809 ; Fall       ; reset           ;
;  led[4]   ; reset      ; 6.762 ; 6.736 ; Fall       ; reset           ;
;  led[5]   ; reset      ; 6.762 ; 6.736 ; Fall       ; reset           ;
+-----------+------------+-------+-------+------------+-----------------+


+-----------------------------------------------------------------------+
; Minimum Clock to Output Times                                         ;
+-----------+------------+-------+-------+------------+-----------------+
; Data Port ; Clock Port ; Rise  ; Fall  ; Clock Edge ; Clock Reference ;
+-----------+------------+-------+-------+------------+-----------------+
; led[*]    ; clk        ; 7.161 ; 7.185 ; Fall       ; clk             ;
;  led[0]   ; clk        ; 7.210 ; 7.234 ; Fall       ; clk             ;
;  led[3]   ; clk        ; 7.231 ; 7.255 ; Fall       ; clk             ;
;  led[4]   ; clk        ; 7.161 ; 7.185 ; Fall       ; clk             ;
;  led[5]   ; clk        ; 7.161 ; 7.185 ; Fall       ; clk             ;
; led[*]    ; reset      ; 6.362 ; 6.424 ; Rise       ; reset           ;
;  led[0]   ; reset      ; 6.411 ; 6.473 ; Rise       ; reset           ;
;  led[3]   ; reset      ; 6.432 ; 6.494 ; Rise       ; reset           ;
;  led[4]   ; reset      ; 6.362 ; 6.424 ; Rise       ; reset           ;
;  led[5]   ; reset      ; 6.362 ; 6.424 ; Rise       ; reset           ;
; led[*]    ; reset      ; 6.362 ; 6.424 ; Fall       ; reset           ;
;  led[0]   ; reset      ; 6.411 ; 6.473 ; Fall       ; reset           ;
;  led[3]   ; reset      ; 6.432 ; 6.494 ; Fall       ; reset           ;
;  led[4]   ; reset      ; 6.362 ; 6.424 ; Fall       ; reset           ;
;  led[5]   ; reset      ; 6.362 ; 6.424 ; Fall       ; reset           ;
+-----------+------------+-------+-------+------------+-----------------+


+----------------------------------------------------+
; Propagation Delay                                  ;
+------------+-------------+-------+----+----+-------+
; Input Port ; Output Port ; RR    ; RF ; FR ; FF    ;
+------------+-------------+-------+----+----+-------+
; EO         ; led[0]      ; 8.463 ;    ;    ; 8.946 ;
; EO         ; led[3]      ; 8.485 ;    ;    ; 8.968 ;
; EO         ; led[4]      ; 8.413 ;    ;    ; 8.895 ;
; EO         ; led[5]      ; 8.413 ;    ;    ; 8.895 ;
+------------+-------------+-------+----+----+-------+


+----------------------------------------------------+
; Minimum Propagation Delay                          ;
+------------+-------------+-------+----+----+-------+
; Input Port ; Output Port ; RR    ; RF ; FR ; FF    ;
+------------+-------------+-------+----+----+-------+
; EO         ; led[0]      ; 8.183 ;    ;    ; 8.633 ;
; EO         ; led[3]      ; 8.204 ;    ;    ; 8.654 ;
; EO         ; led[4]      ; 8.134 ;    ;    ; 8.584 ;
; EO         ; led[5]      ; 8.134 ;    ;    ; 8.584 ;
+------------+-------------+-------+----+----+-------+


----------------------------------------------
; Slow 1200mV 85C Model Metastability Report ;
----------------------------------------------
No synchronizer chains to report.


+------------------------------------------------------------------------------------------------------------+
; Slow 1200mV 0C Model Fmax Summary                                                                          ;
+-------------+-----------------+------------+---------------------------------------------------------------+
; Fmax        ; Restricted Fmax ; Clock Name ; Note                                                          ;
+-------------+-----------------+------------+---------------------------------------------------------------+
; 1030.93 MHz ; 250.0 MHz       ; clk        ; limit due to minimum period restriction (max I/O toggle rate) ;
+-------------+-----------------+------------+---------------------------------------------------------------+
This panel reports FMAX for every clock in the design, regardless of the user-specified clock periods.  FMAX is only computed for paths where the source and destination registers or ports are driven by the same clock.  Paths of different clocks, including generated clocks, are ignored.  For paths between a clock and its inversion, FMAX is computed as if the rising and falling edges are scaled along with FMAX, such that the duty cycle (in terms of a percentage) is maintained. Altera recommends that you always use clock constraints and other slack reports for sign-off analysis.


+------------------------------------+
; Slow 1200mV 0C Model Setup Summary ;
+-------+-------+--------------------+
; Clock ; Slack ; End Point TNS      ;
+-------+-------+--------------------+
; clk   ; 0.002 ; 0.000              ;
+-------+-------+--------------------+


+-----------------------------------+
; Slow 1200mV 0C Model Hold Summary ;
+-------+--------+------------------+
; Clock ; Slack  ; End Point TNS    ;
+-------+--------+------------------+
; clk   ; -0.012 ; -0.012           ;
+-------+--------+------------------+


+---------------------------------------+
; Slow 1200mV 0C Model Recovery Summary ;
+-------+-------+-----------------------+
; Clock ; Slack ; End Point TNS         ;
+-------+-------+-----------------------+
; clk   ; 0.247 ; 0.000                 ;
+-------+-------+-----------------------+


+--------------------------------------+
; Slow 1200mV 0C Model Removal Summary ;
+-------+--------+---------------------+
; Clock ; Slack  ; End Point TNS       ;
+-------+--------+---------------------+
; clk   ; -0.005 ; -0.005              ;
+-------+--------+---------------------+


+--------------------------------------------------+
; Slow 1200mV 0C Model Minimum Pulse Width Summary ;
+-------+--------+---------------------------------+
; Clock ; Slack  ; End Point TNS                   ;
+-------+--------+---------------------------------+
; clk   ; -3.000 ; -4.000                          ;
; reset ; -3.000 ; -3.000                          ;
+-------+--------+---------------------------------+


+-----------------------------------------------------------------------------------------------------------------+
; Slow 1200mV 0C Model Setup: 'clk'                                                                               ;
+-------+-----------------+-----------------+--------------+-------------+--------------+------------+------------+
; Slack ; From Node       ; To Node         ; Launch Clock ; Latch Clock ; Relationship ; Clock Skew ; Data Delay ;
+-------+-----------------+-----------------+--------------+-------------+--------------+------------+------------+
; 0.002 ; count~1         ; count~_emulated ; reset        ; clk         ; 0.500        ; 0.750      ; 1.233      ;
; 0.030 ; count~_emulated ; count~_emulated ; clk          ; clk         ; 1.000        ; -0.068     ; 0.917      ;
; 0.206 ; reset           ; count~_emulated ; reset        ; clk         ; 0.500        ; 2.078      ; 2.357      ;
; 0.600 ; reset           ; count~_emulated ; reset        ; clk         ; 1.000        ; 2.078      ; 2.463      ;
+-------+-----------------+-----------------+--------------+-------------+--------------+------------+------------+


+------------------------------------------------------------------------------------------------------------------+
; Slow 1200mV 0C Model Hold: 'clk'                                                                                 ;
+--------+-----------------+-----------------+--------------+-------------+--------------+------------+------------+
; Slack  ; From Node       ; To Node         ; Launch Clock ; Latch Clock ; Relationship ; Clock Skew ; Data Delay ;
+--------+-----------------+-----------------+--------------+-------------+--------------+------------+------------+
; -0.012 ; reset           ; count~_emulated ; reset        ; clk         ; 0.000        ; 2.146      ; 2.308      ;
; 0.368  ; reset           ; count~_emulated ; reset        ; clk         ; -0.500       ; 2.146      ; 2.188      ;
; 0.571  ; count~1         ; count~_emulated ; reset        ; clk         ; -0.500       ; 0.846      ; 1.091      ;
; 0.603  ; count~_emulated ; count~_emulated ; clk          ; clk         ; 0.000        ; 0.068      ; 0.815      ;
+--------+-----------------+-----------------+--------------+-------------+--------------+------------+------------+


+-----------------------------------------------------------------------------------------------------------+
; Slow 1200mV 0C Model Recovery: 'clk'                                                                      ;
+-------+-----------+-----------------+--------------+-------------+--------------+------------+------------+
; Slack ; From Node ; To Node         ; Launch Clock ; Latch Clock ; Relationship ; Clock Skew ; Data Delay ;
+-------+-----------+-----------------+--------------+-------------+--------------+------------+------------+
; 0.247 ; reset     ; count~_emulated ; reset        ; clk         ; 0.500        ; 2.078      ; 2.316      ;
; 0.651 ; reset     ; count~_emulated ; reset        ; clk         ; 1.000        ; 2.078      ; 2.412      ;
+-------+-----------+-----------------+--------------+-------------+--------------+------------+------------+


+------------------------------------------------------------------------------------------------------------+
; Slow 1200mV 0C Model Removal: 'clk'                                                                        ;
+--------+-----------+-----------------+--------------+-------------+--------------+------------+------------+
; Slack  ; From Node ; To Node         ; Launch Clock ; Latch Clock ; Relationship ; Clock Skew ; Data Delay ;
+--------+-----------+-----------------+--------------+-------------+--------------+------------+------------+
; -0.005 ; reset     ; count~_emulated ; reset        ; clk         ; 0.000        ; 2.146      ; 2.315      ;
; 0.388  ; reset     ; count~_emulated ; reset        ; clk         ; -0.500       ; 2.146      ; 2.208      ;
+--------+-----------+-----------------+--------------+-------------+--------------+------------+------------+


+------------------------------------------------------------------------------------------------------+
; Slow 1200mV 0C Model Minimum Pulse Width: 'clk'                                                      ;
+--------+--------------+----------------+------------------+-------+------------+---------------------+
; Slack  ; Actual Width ; Required Width ; Type             ; Clock ; Clock Edge ; Target              ;
+--------+--------------+----------------+------------------+-------+------------+---------------------+
; -3.000 ; 1.000        ; 4.000          ; Port Rate        ; clk   ; Rise       ; clk                 ;
; -1.000 ; 1.000        ; 2.000          ; Min Period       ; clk   ; Fall       ; count~_emulated     ;
; 0.145  ; 0.361        ; 0.216          ; High Pulse Width ; clk   ; Fall       ; count~_emulated     ;
; 0.339  ; 0.339        ; 0.000          ; Low Pulse Width  ; clk   ; Rise       ; clk~input|o         ;
; 0.347  ; 0.347        ; 0.000          ; Low Pulse Width  ; clk   ; Rise       ; count~_emulated|clk ;
; 0.453  ; 0.637        ; 0.184          ; Low Pulse Width  ; clk   ; Fall       ; count~_emulated     ;
; 0.500  ; 0.500        ; 0.000          ; High Pulse Width ; clk   ; Rise       ; clk~input|i         ;
; 0.500  ; 0.500        ; 0.000          ; Low Pulse Width  ; clk   ; Rise       ; clk~input|i         ;
; 0.652  ; 0.652        ; 0.000          ; High Pulse Width ; clk   ; Rise       ; count~_emulated|clk ;
; 0.661  ; 0.661        ; 0.000          ; High Pulse Width ; clk   ; Rise       ; clk~input|o         ;
+--------+--------------+----------------+------------------+-------+------------+---------------------+


+------------------------------------------------------------------------------------------------+
; Slow 1200mV 0C Model Minimum Pulse Width: 'reset'                                              ;
+--------+--------------+----------------+------------------+-------+------------+---------------+
; Slack  ; Actual Width ; Required Width ; Type             ; Clock ; Clock Edge ; Target        ;
+--------+--------------+----------------+------------------+-------+------------+---------------+
; -3.000 ; 1.000        ; 4.000          ; Port Rate        ; reset ; Rise       ; reset         ;
; 0.339  ; 0.339        ; 0.000          ; Low Pulse Width  ; reset ; Rise       ; reset~input|o ;
; 0.349  ; 0.349        ; 0.000          ; Low Pulse Width  ; reset ; Rise       ; count~1       ;
; 0.359  ; 0.359        ; 0.000          ; Low Pulse Width  ; reset ; Rise       ; count~1|datad ;
; 0.500  ; 0.500        ; 0.000          ; High Pulse Width ; reset ; Rise       ; reset~input|i ;
; 0.500  ; 0.500        ; 0.000          ; Low Pulse Width  ; reset ; Rise       ; reset~input|i ;
; 0.639  ; 0.639        ; 0.000          ; High Pulse Width ; reset ; Rise       ; count~1|datad ;
; 0.649  ; 0.649        ; 0.000          ; High Pulse Width ; reset ; Rise       ; count~1       ;
; 0.661  ; 0.661        ; 0.000          ; High Pulse Width ; reset ; Rise       ; reset~input|o ;
+--------+--------------+----------------+------------------+-------+------------+---------------+


+-----------------------------------------------------------------------+
; Setup Times                                                           ;
+-----------+------------+-------+-------+------------+-----------------+
; Data Port ; Clock Port ; Rise  ; Fall  ; Clock Edge ; Clock Reference ;
+-----------+------------+-------+-------+------------+-----------------+
; EO        ; clk        ; 1.749 ; 2.134 ; Fall       ; clk             ;
; reset     ; clk        ; 0.264 ; 0.370 ; Fall       ; clk             ;
; EO        ; reset      ; 2.809 ; 3.185 ; Rise       ; reset           ;
+-----------+------------+-------+-------+------------+-----------------+


+-------------------------------------------------------------------------+
; Hold Times                                                              ;
+-----------+------------+--------+--------+------------+-----------------+
; Data Port ; Clock Port ; Rise   ; Fall   ; Clock Edge ; Clock Reference ;
+-----------+------------+--------+--------+------------+-----------------+
; EO        ; clk        ; -1.361 ; -1.713 ; Fall       ; clk             ;
; reset     ; clk        ; 0.102  ; -0.018 ; Fall       ; clk             ;
; EO        ; reset      ; -2.011 ; -2.362 ; Rise       ; reset           ;
+-----------+------------+--------+--------+------------+-----------------+


+-----------------------------------------------------------------------+
; Clock to Output Times                                                 ;
+-----------+------------+-------+-------+------------+-----------------+
; Data Port ; Clock Port ; Rise  ; Fall  ; Clock Edge ; Clock Reference ;
+-----------+------------+-------+-------+------------+-----------------+
; led[*]    ; clk        ; 7.110 ; 7.019 ; Fall       ; clk             ;
;  led[0]   ; clk        ; 7.090 ; 7.001 ; Fall       ; clk             ;
;  led[3]   ; clk        ; 7.110 ; 7.019 ; Fall       ; clk             ;
;  led[4]   ; clk        ; 7.042 ; 6.953 ; Fall       ; clk             ;
;  led[5]   ; clk        ; 7.042 ; 6.953 ; Fall       ; clk             ;
; led[*]    ; reset      ; 6.588 ; 6.503 ; Rise       ; reset           ;
;  led[0]   ; reset      ; 6.568 ; 6.485 ; Rise       ; reset           ;
;  led[3]   ; reset      ; 6.588 ; 6.503 ; Rise       ; reset           ;
;  led[4]   ; reset      ; 6.520 ; 6.437 ; Rise       ; reset           ;
;  led[5]   ; reset      ; 6.520 ; 6.437 ; Rise       ; reset           ;
; led[*]    ; reset      ; 6.510 ; 6.385 ; Fall       ; reset           ;
;  led[0]   ; reset      ; 6.490 ; 6.367 ; Fall       ; reset           ;
;  led[3]   ; reset      ; 6.510 ; 6.385 ; Fall       ; reset           ;
;  led[4]   ; reset      ; 6.442 ; 6.319 ; Fall       ; reset           ;
;  led[5]   ; reset      ; 6.442 ; 6.319 ; Fall       ; reset           ;
+-----------+------------+-------+-------+------------+-----------------+


+-----------------------------------------------------------------------+
; Minimum Clock to Output Times                                         ;
+-----------+------------+-------+-------+------------+-----------------+
; Data Port ; Clock Port ; Rise  ; Fall  ; Clock Edge ; Clock Reference ;
+-----------+------------+-------+-------+------------+-----------------+
; led[*]    ; clk        ; 6.816 ; 6.736 ; Fall       ; clk             ;
;  led[0]   ; clk        ; 6.863 ; 6.783 ; Fall       ; clk             ;
;  led[3]   ; clk        ; 6.883 ; 6.800 ; Fall       ; clk             ;
;  led[4]   ; clk        ; 6.816 ; 6.736 ; Fall       ; clk             ;
;  led[5]   ; clk        ; 6.816 ; 6.736 ; Fall       ; clk             ;
; led[*]    ; reset      ; 6.111 ; 6.065 ; Rise       ; reset           ;
;  led[0]   ; reset      ; 6.158 ; 6.112 ; Rise       ; reset           ;
;  led[3]   ; reset      ; 6.178 ; 6.129 ; Rise       ; reset           ;
;  led[4]   ; reset      ; 6.111 ; 6.065 ; Rise       ; reset           ;
;  led[5]   ; reset      ; 6.111 ; 6.065 ; Rise       ; reset           ;
; led[*]    ; reset      ; 6.111 ; 6.065 ; Fall       ; reset           ;
;  led[0]   ; reset      ; 6.158 ; 6.112 ; Fall       ; reset           ;
;  led[3]   ; reset      ; 6.178 ; 6.129 ; Fall       ; reset           ;
;  led[4]   ; reset      ; 6.111 ; 6.065 ; Fall       ; reset           ;
;  led[5]   ; reset      ; 6.111 ; 6.065 ; Fall       ; reset           ;
+-----------+------------+-------+-------+------------+-----------------+


+----------------------------------------------------+
; Propagation Delay                                  ;
+------------+-------------+-------+----+----+-------+
; Input Port ; Output Port ; RR    ; RF ; FR ; FF    ;
+------------+-------------+-------+----+----+-------+
; EO         ; led[0]      ; 7.869 ;    ;    ; 8.166 ;
; EO         ; led[3]      ; 7.889 ;    ;    ; 8.184 ;
; EO         ; led[4]      ; 7.821 ;    ;    ; 8.118 ;
; EO         ; led[5]      ; 7.821 ;    ;    ; 8.118 ;
+------------+-------------+-------+----+----+-------+


+----------------------------------------------------+
; Minimum Propagation Delay                          ;
+------------+-------------+-------+----+----+-------+
; Input Port ; Output Port ; RR    ; RF ; FR ; FF    ;
+------------+-------------+-------+----+----+-------+
; EO         ; led[0]      ; 7.621 ;    ;    ; 7.893 ;
; EO         ; led[3]      ; 7.641 ;    ;    ; 7.910 ;
; EO         ; led[4]      ; 7.574 ;    ;    ; 7.846 ;
; EO         ; led[5]      ; 7.574 ;    ;    ; 7.846 ;
+------------+-------------+-------+----+----+-------+


---------------------------------------------
; Slow 1200mV 0C Model Metastability Report ;
---------------------------------------------
No synchronizer chains to report.


+------------------------------------+
; Fast 1200mV 0C Model Setup Summary ;
+-------+-------+--------------------+
; Clock ; Slack ; End Point TNS      ;
+-------+-------+--------------------+
; clk   ; 0.405 ; 0.000              ;
+-------+-------+--------------------+


+-----------------------------------+
; Fast 1200mV 0C Model Hold Summary ;
+-------+--------+------------------+
; Clock ; Slack  ; End Point TNS    ;
+-------+--------+------------------+
; clk   ; -0.030 ; -0.030           ;
+-------+--------+------------------+


+---------------------------------------+
; Fast 1200mV 0C Model Recovery Summary ;
+-------+-------+-----------------------+
; Clock ; Slack ; End Point TNS         ;
+-------+-------+-----------------------+
; clk   ; 0.699 ; 0.000                 ;
+-------+-------+-----------------------+


+--------------------------------------+
; Fast 1200mV 0C Model Removal Summary ;
+-------+--------+---------------------+
; Clock ; Slack  ; End Point TNS       ;
+-------+--------+---------------------+
; clk   ; -0.010 ; -0.010              ;
+-------+--------+---------------------+


+--------------------------------------------------+
; Fast 1200mV 0C Model Minimum Pulse Width Summary ;
+-------+--------+---------------------------------+
; Clock ; Slack  ; End Point TNS                   ;
+-------+--------+---------------------------------+
; clk   ; -3.000 ; -4.161                          ;
; reset ; -3.000 ; -3.000                          ;
+-------+--------+---------------------------------+


+-----------------------------------------------------------------------------------------------------------------+
; Fast 1200mV 0C Model Setup: 'clk'                                                                               ;
+-------+-----------------+-----------------+--------------+-------------+--------------+------------+------------+
; Slack ; From Node       ; To Node         ; Launch Clock ; Latch Clock ; Relationship ; Clock Skew ; Data Delay ;
+-------+-----------------+-----------------+--------------+-------------+--------------+------------+------------+
; 0.405 ; count~_emulated ; count~_emulated ; clk          ; clk         ; 1.000        ; -0.047     ; 0.555      ;
; 0.532 ; count~1         ; count~_emulated ; reset        ; clk         ; 0.500        ; 0.821      ; 0.766      ;
; 0.683 ; reset           ; count~_emulated ; reset        ; clk         ; 0.500        ; 1.564      ; 1.358      ;
; 0.748 ; reset           ; count~_emulated ; reset        ; clk         ; 1.000        ; 1.564      ; 1.793      ;
+-------+-----------------+-----------------+--------------+-------------+--------------+------------+------------+


+------------------------------------------------------------------------------------------------------------------+
; Fast 1200mV 0C Model Hold: 'clk'                                                                                 ;
+--------+-----------------+-----------------+--------------+-------------+--------------+------------+------------+
; Slack  ; From Node       ; To Node         ; Launch Clock ; Latch Clock ; Relationship ; Clock Skew ; Data Delay ;
+--------+-----------------+-----------------+--------------+-------------+--------------+------------+------------+
; -0.030 ; reset           ; count~_emulated ; reset        ; clk         ; 0.000        ; 1.611      ; 1.695      ;
; 0.020  ; reset           ; count~_emulated ; reset        ; clk         ; -0.500       ; 1.611      ; 1.245      ;
; 0.147  ; count~1         ; count~_emulated ; reset        ; clk         ; -0.500       ; 0.886      ; 0.647      ;
; 0.346  ; count~_emulated ; count~_emulated ; clk          ; clk         ; 0.000        ; 0.047      ; 0.477      ;
+--------+-----------------+-----------------+--------------+-------------+--------------+------------+------------+


+-----------------------------------------------------------------------------------------------------------+
; Fast 1200mV 0C Model Recovery: 'clk'                                                                      ;
+-------+-----------+-----------------+--------------+-------------+--------------+------------+------------+
; Slack ; From Node ; To Node         ; Launch Clock ; Latch Clock ; Relationship ; Clock Skew ; Data Delay ;
+-------+-----------+-----------------+--------------+-------------+--------------+------------+------------+
; 0.699 ; reset     ; count~_emulated ; reset        ; clk         ; 0.500        ; 1.564      ; 1.342      ;
; 0.757 ; reset     ; count~_emulated ; reset        ; clk         ; 1.000        ; 1.564      ; 1.784      ;
+-------+-----------+-----------------+--------------+-------------+--------------+------------+------------+


+------------------------------------------------------------------------------------------------------------+
; Fast 1200mV 0C Model Removal: 'clk'                                                                        ;
+--------+-----------+-----------------+--------------+-------------+--------------+------------+------------+
; Slack  ; From Node ; To Node         ; Launch Clock ; Latch Clock ; Relationship ; Clock Skew ; Data Delay ;
+--------+-----------+-----------------+--------------+-------------+--------------+------------+------------+
; -0.010 ; reset     ; count~_emulated ; reset        ; clk         ; 0.000        ; 1.611      ; 1.715      ;
; 0.044  ; reset     ; count~_emulated ; reset        ; clk         ; -0.500       ; 1.611      ; 1.269      ;
+--------+-----------+-----------------+--------------+-------------+--------------+------------+------------+


+------------------------------------------------------------------------------------------------------+
; Fast 1200mV 0C Model Minimum Pulse Width: 'clk'                                                      ;
+--------+--------------+----------------+------------------+-------+------------+---------------------+
; Slack  ; Actual Width ; Required Width ; Type             ; Clock ; Clock Edge ; Target              ;
+--------+--------------+----------------+------------------+-------+------------+---------------------+
; -3.000 ; 1.000        ; 4.000          ; Port Rate        ; clk   ; Rise       ; clk                 ;
; -1.000 ; 1.000        ; 2.000          ; Min Period       ; clk   ; Fall       ; count~_emulated     ;
; -0.161 ; 0.055        ; 0.216          ; High Pulse Width ; clk   ; Fall       ; count~_emulated     ;
; 0.061  ; 0.061        ; 0.000          ; Low Pulse Width  ; clk   ; Rise       ; count~_emulated|clk ;
; 0.118  ; 0.118        ; 0.000          ; Low Pulse Width  ; clk   ; Rise       ; clk~input|o         ;
; 0.500  ; 0.500        ; 0.000          ; High Pulse Width ; clk   ; Rise       ; clk~input|i         ;
; 0.500  ; 0.500        ; 0.000          ; Low Pulse Width  ; clk   ; Rise       ; clk~input|i         ;
; 0.760  ; 0.944        ; 0.184          ; Low Pulse Width  ; clk   ; Fall       ; count~_emulated     ;
; 0.882  ; 0.882        ; 0.000          ; High Pulse Width ; clk   ; Rise       ; clk~input|o         ;
; 0.939  ; 0.939        ; 0.000          ; High Pulse Width ; clk   ; Rise       ; count~_emulated|clk ;
+--------+--------------+----------------+------------------+-------+------------+---------------------+


+------------------------------------------------------------------------------------------------+
; Fast 1200mV 0C Model Minimum Pulse Width: 'reset'                                              ;
+--------+--------------+----------------+------------------+-------+------------+---------------+
; Slack  ; Actual Width ; Required Width ; Type             ; Clock ; Clock Edge ; Target        ;
+--------+--------------+----------------+------------------+-------+------------+---------------+
; -3.000 ; 1.000        ; 4.000          ; Port Rate        ; reset ; Rise       ; reset         ;
; 0.093  ; 0.093        ; 0.000          ; Low Pulse Width  ; reset ; Rise       ; count~1       ;
; 0.098  ; 0.098        ; 0.000          ; Low Pulse Width  ; reset ; Rise       ; count~1|datad ;
; 0.118  ; 0.118        ; 0.000          ; Low Pulse Width  ; reset ; Rise       ; reset~input|o ;
; 0.500  ; 0.500        ; 0.000          ; High Pulse Width ; reset ; Rise       ; reset~input|i ;
; 0.500  ; 0.500        ; 0.000          ; Low Pulse Width  ; reset ; Rise       ; reset~input|i ;
; 0.882  ; 0.882        ; 0.000          ; High Pulse Width ; reset ; Rise       ; reset~input|o ;
; 0.900  ; 0.900        ; 0.000          ; High Pulse Width ; reset ; Rise       ; count~1|datad ;
; 0.906  ; 0.906        ; 0.000          ; High Pulse Width ; reset ; Rise       ; count~1       ;
+--------+--------------+----------------+------------------+-------+------------+---------------+


+------------------------------------------------------------------------+
; Setup Times                                                            ;
+-----------+------------+--------+-------+------------+-----------------+
; Data Port ; Clock Port ; Rise   ; Fall  ; Clock Edge ; Clock Reference ;
+-----------+------------+--------+-------+------------+-----------------+
; EO        ; clk        ; 0.881  ; 1.468 ; Fall       ; clk             ;
; reset     ; clk        ; -0.213 ; 0.222 ; Fall       ; clk             ;
; EO        ; reset      ; 1.899  ; 2.482 ; Rise       ; reset           ;
+-----------+------------+--------+-------+------------+-----------------+


+-------------------------------------------------------------------------+
; Hold Times                                                              ;
+-----------+------------+--------+--------+------------+-----------------+
; Data Port ; Clock Port ; Rise   ; Fall   ; Clock Edge ; Clock Reference ;
+-----------+------------+--------+--------+------------+-----------------+
; EO        ; clk        ; -0.625 ; -1.204 ; Fall       ; clk             ;
; reset     ; clk        ; 0.450  ; 0.000  ; Fall       ; clk             ;
; EO        ; reset      ; -1.397 ; -1.962 ; Rise       ; reset           ;
+-----------+------------+--------+--------+------------+-----------------+


+-----------------------------------------------------------------------+
; Clock to Output Times                                                 ;
+-----------+------------+-------+-------+------------+-----------------+
; Data Port ; Clock Port ; Rise  ; Fall  ; Clock Edge ; Clock Reference ;
+-----------+------------+-------+-------+------------+-----------------+
; led[*]    ; clk        ; 4.661 ; 4.850 ; Fall       ; clk             ;
;  led[0]   ; clk        ; 4.651 ; 4.839 ; Fall       ; clk             ;
;  led[3]   ; clk        ; 4.661 ; 4.850 ; Fall       ; clk             ;
;  led[4]   ; clk        ; 4.617 ; 4.795 ; Fall       ; clk             ;
;  led[5]   ; clk        ; 4.617 ; 4.795 ; Fall       ; clk             ;
; led[*]    ; reset      ; 4.294 ; 4.450 ; Rise       ; reset           ;
;  led[0]   ; reset      ; 4.284 ; 4.439 ; Rise       ; reset           ;
;  led[3]   ; reset      ; 4.294 ; 4.450 ; Rise       ; reset           ;
;  led[4]   ; reset      ; 4.250 ; 4.395 ; Rise       ; reset           ;
;  led[5]   ; reset      ; 4.250 ; 4.395 ; Rise       ; reset           ;
; led[*]    ; reset      ; 4.294 ; 4.450 ; Fall       ; reset           ;
;  led[0]   ; reset      ; 4.284 ; 4.439 ; Fall       ; reset           ;
;  led[3]   ; reset      ; 4.294 ; 4.450 ; Fall       ; reset           ;
;  led[4]   ; reset      ; 4.250 ; 4.395 ; Fall       ; reset           ;
;  led[5]   ; reset      ; 4.250 ; 4.395 ; Fall       ; reset           ;
+-----------+------------+-------+-------+------------+-----------------+


+-----------------------------------------------------------------------+
; Minimum Clock to Output Times                                         ;
+-----------+------------+-------+-------+------------+-----------------+
; Data Port ; Clock Port ; Rise  ; Fall  ; Clock Edge ; Clock Reference ;
+-----------+------------+-------+-------+------------+-----------------+
; led[*]    ; clk        ; 4.468 ; 4.646 ; Fall       ; clk             ;
;  led[0]   ; clk        ; 4.501 ; 4.689 ; Fall       ; clk             ;
;  led[3]   ; clk        ; 4.510 ; 4.700 ; Fall       ; clk             ;
;  led[4]   ; clk        ; 4.468 ; 4.646 ; Fall       ; clk             ;
;  led[5]   ; clk        ; 4.468 ; 4.646 ; Fall       ; clk             ;
; led[*]    ; reset      ; 3.672 ; 3.865 ; Rise       ; reset           ;
;  led[0]   ; reset      ; 3.705 ; 3.908 ; Rise       ; reset           ;
;  led[3]   ; reset      ; 3.714 ; 3.919 ; Rise       ; reset           ;
;  led[4]   ; reset      ; 3.672 ; 3.865 ; Rise       ; reset           ;
;  led[5]   ; reset      ; 3.672 ; 3.865 ; Rise       ; reset           ;
; led[*]    ; reset      ; 3.672 ; 3.865 ; Fall       ; reset           ;
;  led[0]   ; reset      ; 3.705 ; 3.908 ; Fall       ; reset           ;
;  led[3]   ; reset      ; 3.714 ; 3.919 ; Fall       ; reset           ;
;  led[4]   ; reset      ; 3.672 ; 3.865 ; Fall       ; reset           ;
;  led[5]   ; reset      ; 3.672 ; 3.865 ; Fall       ; reset           ;
+-----------+------------+-------+-------+------------+-----------------+


+----------------------------------------------------+
; Propagation Delay                                  ;
+------------+-------------+-------+----+----+-------+
; Input Port ; Output Port ; RR    ; RF ; FR ; FF    ;
+------------+-------------+-------+----+----+-------+
; EO         ; led[0]      ; 4.943 ;    ;    ; 5.712 ;
; EO         ; led[3]      ; 4.953 ;    ;    ; 5.723 ;
; EO         ; led[4]      ; 4.909 ;    ;    ; 5.668 ;
; EO         ; led[5]      ; 4.909 ;    ;    ; 5.668 ;
+------------+-------------+-------+----+----+-------+


+----------------------------------------------------+
; Minimum Propagation Delay                          ;
+------------+-------------+-------+----+----+-------+
; Input Port ; Output Port ; RR    ; RF ; FR ; FF    ;
+------------+-------------+-------+----+----+-------+
; EO         ; led[0]      ; 4.780 ;    ;    ; 5.530 ;
; EO         ; led[3]      ; 4.789 ;    ;    ; 5.541 ;
; EO         ; led[4]      ; 4.747 ;    ;    ; 5.487 ;
; EO         ; led[5]      ; 4.747 ;    ;    ; 5.487 ;
+------------+-------------+-------+----+----+-------+


---------------------------------------------
; Fast 1200mV 0C Model Metastability Report ;
---------------------------------------------
No synchronizer chains to report.


+-------------------------------------------------------------------------------+
; Multicorner Timing Analysis Summary                                           ;
+------------------+--------+--------+----------+---------+---------------------+
; Clock            ; Setup  ; Hold   ; Recovery ; Removal ; Minimum Pulse Width ;
+------------------+--------+--------+----------+---------+---------------------+
; Worst-case Slack ; -0.086 ; -0.030 ; 0.239    ; -0.010  ; -3.000              ;
;  clk             ; -0.086 ; -0.030 ; 0.239    ; -0.010  ; -3.000              ;
;  reset           ; N/A    ; N/A    ; N/A      ; N/A     ; -3.000              ;
; Design-wide TNS  ; -0.086 ; -0.03  ; 0.0      ; -0.01   ; -7.161              ;
;  clk             ; -0.086 ; -0.030 ; 0.000    ; -0.010  ; -4.161              ;
;  reset           ; N/A    ; N/A    ; N/A      ; N/A     ; -3.000              ;
+------------------+--------+--------+----------+---------+---------------------+


+-----------------------------------------------------------------------+
; Setup Times                                                           ;
+-----------+------------+-------+-------+------------+-----------------+
; Data Port ; Clock Port ; Rise  ; Fall  ; Clock Edge ; Clock Reference ;
+-----------+------------+-------+-------+------------+-----------------+
; EO        ; clk        ; 2.081 ; 2.544 ; Fall       ; clk             ;
; reset     ; clk        ; 0.279 ; 0.430 ; Fall       ; clk             ;
; EO        ; reset      ; 3.254 ; 3.712 ; Rise       ; reset           ;
+-----------+------------+-------+-------+------------+-----------------+


+-------------------------------------------------------------------------+
; Hold Times                                                              ;
+-----------+------------+--------+--------+------------+-----------------+
; Data Port ; Clock Port ; Rise   ; Fall   ; Clock Edge ; Clock Reference ;
+-----------+------------+--------+--------+------------+-----------------+
; EO        ; clk        ; -0.625 ; -1.204 ; Fall       ; clk             ;
; reset     ; clk        ; 0.450  ; 0.000  ; Fall       ; clk             ;
; EO        ; reset      ; -1.397 ; -1.962 ; Rise       ; reset           ;
+-----------+------------+--------+--------+------------+-----------------+


+-----------------------------------------------------------------------+
; Clock to Output Times                                                 ;
+-----------+------------+-------+-------+------------+-----------------+
; Data Port ; Clock Port ; Rise  ; Fall  ; Clock Edge ; Clock Reference ;
+-----------+------------+-------+-------+------------+-----------------+
; led[*]    ; clk        ; 7.490 ; 7.509 ; Fall       ; clk             ;
;  led[0]   ; clk        ; 7.468 ; 7.487 ; Fall       ; clk             ;
;  led[3]   ; clk        ; 7.490 ; 7.509 ; Fall       ; clk             ;
;  led[4]   ; clk        ; 7.418 ; 7.436 ; Fall       ; clk             ;
;  led[5]   ; clk        ; 7.418 ; 7.436 ; Fall       ; clk             ;
; led[*]    ; reset      ; 6.871 ; 6.909 ; Rise       ; reset           ;
;  led[0]   ; reset      ; 6.849 ; 6.887 ; Rise       ; reset           ;
;  led[3]   ; reset      ; 6.871 ; 6.909 ; Rise       ; reset           ;
;  led[4]   ; reset      ; 6.799 ; 6.836 ; Rise       ; reset           ;
;  led[5]   ; reset      ; 6.799 ; 6.836 ; Rise       ; reset           ;
; led[*]    ; reset      ; 6.834 ; 6.809 ; Fall       ; reset           ;
;  led[0]   ; reset      ; 6.812 ; 6.787 ; Fall       ; reset           ;
;  led[3]   ; reset      ; 6.834 ; 6.809 ; Fall       ; reset           ;
;  led[4]   ; reset      ; 6.762 ; 6.736 ; Fall       ; reset           ;
;  led[5]   ; reset      ; 6.762 ; 6.736 ; Fall       ; reset           ;
+-----------+------------+-------+-------+------------+-----------------+


+-----------------------------------------------------------------------+
; Minimum Clock to Output Times                                         ;
+-----------+------------+-------+-------+------------+-----------------+
; Data Port ; Clock Port ; Rise  ; Fall  ; Clock Edge ; Clock Reference ;
+-----------+------------+-------+-------+------------+-----------------+
; led[*]    ; clk        ; 4.468 ; 4.646 ; Fall       ; clk             ;
;  led[0]   ; clk        ; 4.501 ; 4.689 ; Fall       ; clk             ;
;  led[3]   ; clk        ; 4.510 ; 4.700 ; Fall       ; clk             ;
;  led[4]   ; clk        ; 4.468 ; 4.646 ; Fall       ; clk             ;
;  led[5]   ; clk        ; 4.468 ; 4.646 ; Fall       ; clk             ;
; led[*]    ; reset      ; 3.672 ; 3.865 ; Rise       ; reset           ;
;  led[0]   ; reset      ; 3.705 ; 3.908 ; Rise       ; reset           ;
;  led[3]   ; reset      ; 3.714 ; 3.919 ; Rise       ; reset           ;
;  led[4]   ; reset      ; 3.672 ; 3.865 ; Rise       ; reset           ;
;  led[5]   ; reset      ; 3.672 ; 3.865 ; Rise       ; reset           ;
; led[*]    ; reset      ; 3.672 ; 3.865 ; Fall       ; reset           ;
;  led[0]   ; reset      ; 3.705 ; 3.908 ; Fall       ; reset           ;
;  led[3]   ; reset      ; 3.714 ; 3.919 ; Fall       ; reset           ;
;  led[4]   ; reset      ; 3.672 ; 3.865 ; Fall       ; reset           ;
;  led[5]   ; reset      ; 3.672 ; 3.865 ; Fall       ; reset           ;
+-----------+------------+-------+-------+------------+-----------------+


+----------------------------------------------------+
; Propagation Delay                                  ;
+------------+-------------+-------+----+----+-------+
; Input Port ; Output Port ; RR    ; RF ; FR ; FF    ;
+------------+-------------+-------+----+----+-------+
; EO         ; led[0]      ; 8.463 ;    ;    ; 8.946 ;
; EO         ; led[3]      ; 8.485 ;    ;    ; 8.968 ;
; EO         ; led[4]      ; 8.413 ;    ;    ; 8.895 ;
; EO         ; led[5]      ; 8.413 ;    ;    ; 8.895 ;
+------------+-------------+-------+----+----+-------+


+----------------------------------------------------+
; Minimum Propagation Delay                          ;
+------------+-------------+-------+----+----+-------+
; Input Port ; Output Port ; RR    ; RF ; FR ; FF    ;
+------------+-------------+-------+----+----+-------+
; EO         ; led[0]      ; 4.780 ;    ;    ; 5.530 ;
; EO         ; led[3]      ; 4.789 ;    ;    ; 5.541 ;
; EO         ; led[4]      ; 4.747 ;    ;    ; 5.487 ;
; EO         ; led[5]      ; 4.747 ;    ;    ; 5.487 ;
+------------+-------------+-------+----+----+-------+


+------------------------------------------------------------------------------------------------------------------------------------------------------------------------------------------------------------------------------------------------------------------------------------------------------------------------------------------------------------------------------------------------------------------+
; Board Trace Model Assignments                                                                                                                                                                                                                                                                                                                                                                                    ;
+---------------+--------------+-------------------+-------------------------+-------------------------+---------------+---------------------+----------------+------------------+--------+------------------+------------------------+------------------------+--------------+---------------+-----------------+-------+---------------------+--------------------+---------------+-----------------+-------------+
; Pin           ; I/O Standard ; Near Tline Length ; Near Tline L per Length ; Near Tline C per Length ; Near Series R ; Near Differential R ; Near Pull-up R ; Near Pull-down R ; Near C ; Far Tline Length ; Far Tline L per Length ; Far Tline C per Length ; Far Series R ; Far Pull-up R ; Far Pull-down R ; Far C ; Termination Voltage ; Far Differential R ; EBD File Name ; EBD Signal Name ; EBD Far-end ;
+---------------+--------------+-------------------+-------------------------+-------------------------+---------------+---------------------+----------------+------------------+--------+------------------+------------------------+------------------------+--------------+---------------+-----------------+-------+---------------------+--------------------+---------------+-----------------+-------------+
; led[6]        ; 2.5 V        ; 0 in              ; 0 H/in                  ; 0 F/in                  ; short         ; -                   ; open           ; open             ; open   ; 0 in             ; 0 H/in                 ; 0 F/in                 ; short        ; open          ; open            ; open  ; 0 V                 ; -                  ; n/a           ; n/a             ; n/a         ;
; led[5]        ; 2.5 V        ; 0 in              ; 0 H/in                  ; 0 F/in                  ; short         ; -                   ; open           ; open             ; open   ; 0 in             ; 0 H/in                 ; 0 F/in                 ; short        ; open          ; open            ; open  ; 0 V                 ; -                  ; n/a           ; n/a             ; n/a         ;
; led[4]        ; 2.5 V        ; 0 in              ; 0 H/in                  ; 0 F/in                  ; short         ; -                   ; open           ; open             ; open   ; 0 in             ; 0 H/in                 ; 0 F/in                 ; short        ; open          ; open            ; open  ; 0 V                 ; -                  ; n/a           ; n/a             ; n/a         ;
; led[3]        ; 2.5 V        ; 0 in              ; 0 H/in                  ; 0 F/in                  ; short         ; -                   ; open           ; open             ; open   ; 0 in             ; 0 H/in                 ; 0 F/in                 ; short        ; open          ; open            ; open  ; 0 V                 ; -                  ; n/a           ; n/a             ; n/a         ;
; led[2]        ; 2.5 V        ; 0 in              ; 0 H/in                  ; 0 F/in                  ; short         ; -                   ; open           ; open             ; open   ; 0 in             ; 0 H/in                 ; 0 F/in                 ; short        ; open          ; open            ; open  ; 0 V                 ; -                  ; n/a           ; n/a             ; n/a         ;
; led[1]        ; 2.5 V        ; 0 in              ; 0 H/in                  ; 0 F/in                  ; short         ; -                   ; open           ; open             ; open   ; 0 in             ; 0 H/in                 ; 0 F/in                 ; short        ; open          ; open            ; open  ; 0 V                 ; -                  ; n/a           ; n/a             ; n/a         ;
; led[0]        ; 2.5 V        ; 0 in              ; 0 H/in                  ; 0 F/in                  ; short         ; -                   ; open           ; open             ; open   ; 0 in             ; 0 H/in                 ; 0 F/in                 ; short        ; open          ; open            ; open  ; 0 V                 ; -                  ; n/a           ; n/a             ; n/a         ;
; ~ALTERA_DCLK~ ; 2.5 V        ; 0 in              ; 0 H/in                  ; 0 F/in                  ; short         ; -                   ; open           ; open             ; open   ; 0 in             ; 0 H/in                 ; 0 F/in                 ; short        ; open          ; open            ; open  ; 0 V                 ; -                  ; n/a           ; n/a             ; n/a         ;
; ~ALTERA_nCEO~ ; 2.5 V        ; 0 in              ; 0 H/in                  ; 0 F/in                  ; short         ; -                   ; open           ; open             ; open   ; 0 in             ; 0 H/in                 ; 0 F/in                 ; short        ; open          ; open            ; open  ; 0 V                 ; -                  ; n/a           ; n/a             ; n/a         ;
+---------------+--------------+-------------------+-------------------------+-------------------------+---------------+---------------------+----------------+------------------+--------+------------------+------------------------+------------------------+--------------+---------------+-----------------+-------+---------------------+--------------------+---------------+-----------------+-------------+


+----------------------------------------------------------------------------+
; Input Transition Times                                                     ;
+-------------------------+--------------+-----------------+-----------------+
; Pin                     ; I/O Standard ; 10-90 Rise Time ; 90-10 Fall Time ;
+-------------------------+--------------+-----------------+-----------------+
; reset                   ; 2.5 V        ; 2000 ps         ; 2000 ps         ;
; EO                      ; 2.5 V        ; 2000 ps         ; 2000 ps         ;
; clk                     ; 2.5 V        ; 2000 ps         ; 2000 ps         ;
; ~ALTERA_ASDO_DATA1~     ; 2.5 V        ; 2000 ps         ; 2000 ps         ;
; ~ALTERA_FLASH_nCE_nCSO~ ; 2.5 V        ; 2000 ps         ; 2000 ps         ;
; ~ALTERA_DATA0~          ; 2.5 V        ; 2000 ps         ; 2000 ps         ;
+-------------------------+--------------+-----------------+-----------------+


+--------------------------------------------------------------------------------------------------------------------------------------------------------------------------------------------------------------------------------------------------------------------------------------------------------------------------------------------------------------------------------------------------------------------------------------------------------------------------------------------------------------------------------------------------------------------------------------------------------------------------------------------------------------------------------------------+
; Slow Corner Signal Integrity Metrics                                                                                                                                                                                                                                                                                                                                                                                                                                                                                                                                                                                                                                                       ;
+---------------+--------------+---------------------+---------------------+------------------------------+------------------------------+---------------------+---------------------+--------------------------------------+--------------------------------------+-----------------------------+-----------------------------+----------------------------+----------------------------+-----------------------------+-----------------------------+--------------------+--------------------+-------------------------------------+-------------------------------------+----------------------------+----------------------------+---------------------------+---------------------------+
; Pin           ; I/O Standard ; Board Delay on Rise ; Board Delay on Fall ; Steady State Voh at FPGA Pin ; Steady State Vol at FPGA Pin ; Voh Max at FPGA Pin ; Vol Min at FPGA Pin ; Ringback Voltage on Rise at FPGA Pin ; Ringback Voltage on Fall at FPGA Pin ; 10-90 Rise Time at FPGA Pin ; 90-10 Fall Time at FPGA Pin ; Monotonic Rise at FPGA Pin ; Monotonic Fall at FPGA Pin ; Steady State Voh at Far-end ; Steady State Vol at Far-end ; Voh Max at Far-end ; Vol Min at Far-end ; Ringback Voltage on Rise at Far-end ; Ringback Voltage on Fall at Far-end ; 10-90 Rise Time at Far-end ; 90-10 Fall Time at Far-end ; Monotonic Rise at Far-end ; Monotonic Fall at Far-end ;
+---------------+--------------+---------------------+---------------------+------------------------------+------------------------------+---------------------+---------------------+--------------------------------------+--------------------------------------+-----------------------------+-----------------------------+----------------------------+----------------------------+-----------------------------+-----------------------------+--------------------+--------------------+-------------------------------------+-------------------------------------+----------------------------+----------------------------+---------------------------+---------------------------+
; led[6]        ; 2.5 V        ; 0 s                 ; 0 s                 ; 2.32 V                       ; 1.08e-06 V                   ; 2.36 V              ; -0.0113 V           ; 0.122 V                              ; 0.022 V                              ; 4.5e-10 s                   ; 4.45e-10 s                  ; Yes                        ; Yes                        ; 2.32 V                      ; 1.08e-06 V                  ; 2.36 V             ; -0.0113 V          ; 0.122 V                             ; 0.022 V                             ; 4.5e-10 s                  ; 4.45e-10 s                 ; Yes                       ; Yes                       ;
; led[5]        ; 2.5 V        ; 0 s                 ; 0 s                 ; 2.32 V                       ; 1.08e-06 V                   ; 2.36 V              ; -0.0113 V           ; 0.122 V                              ; 0.022 V                              ; 4.5e-10 s                   ; 4.45e-10 s                  ; Yes                        ; Yes                        ; 2.32 V                      ; 1.08e-06 V                  ; 2.36 V             ; -0.0113 V          ; 0.122 V                             ; 0.022 V                             ; 4.5e-10 s                  ; 4.45e-10 s                 ; Yes                       ; Yes                       ;
; led[4]        ; 2.5 V        ; 0 s                 ; 0 s                 ; 2.32 V                       ; 1.08e-06 V                   ; 2.36 V              ; -0.0113 V           ; 0.122 V                              ; 0.022 V                              ; 4.5e-10 s                   ; 4.45e-10 s                  ; Yes                        ; Yes                        ; 2.32 V                      ; 1.08e-06 V                  ; 2.36 V             ; -0.0113 V          ; 0.122 V                             ; 0.022 V                             ; 4.5e-10 s                  ; 4.45e-10 s                 ; Yes                       ; Yes                       ;
; led[3]        ; 2.5 V        ; 0 s                 ; 0 s                 ; 2.32 V                       ; 1.08e-06 V                   ; 2.36 V              ; -0.0113 V           ; 0.122 V                              ; 0.022 V                              ; 4.5e-10 s                   ; 4.45e-10 s                  ; Yes                        ; Yes                        ; 2.32 V                      ; 1.08e-06 V                  ; 2.36 V             ; -0.0113 V          ; 0.122 V                             ; 0.022 V                             ; 4.5e-10 s                  ; 4.45e-10 s                 ; Yes                       ; Yes                       ;
; led[2]        ; 2.5 V        ; 0 s                 ; 0 s                 ; 2.32 V                       ; 1.08e-06 V                   ; 2.36 V              ; -0.0113 V           ; 0.122 V                              ; 0.022 V                              ; 4.5e-10 s                   ; 4.45e-10 s                  ; Yes                        ; Yes                        ; 2.32 V                      ; 1.08e-06 V                  ; 2.36 V             ; -0.0113 V          ; 0.122 V                             ; 0.022 V                             ; 4.5e-10 s                  ; 4.45e-10 s                 ; Yes                       ; Yes                       ;
; led[1]        ; 2.5 V        ; 0 s                 ; 0 s                 ; 2.32 V                       ; 1.08e-06 V                   ; 2.36 V              ; -0.0113 V           ; 0.122 V                              ; 0.022 V                              ; 4.5e-10 s                   ; 4.45e-10 s                  ; Yes                        ; Yes                        ; 2.32 V                      ; 1.08e-06 V                  ; 2.36 V             ; -0.0113 V          ; 0.122 V                             ; 0.022 V                             ; 4.5e-10 s                  ; 4.45e-10 s                 ; Yes                       ; Yes                       ;
; led[0]        ; 2.5 V        ; 0 s                 ; 0 s                 ; 2.32 V                       ; 1.08e-06 V                   ; 2.36 V              ; -0.0113 V           ; 0.122 V                              ; 0.022 V                              ; 4.5e-10 s                   ; 4.45e-10 s                  ; Yes                        ; Yes                        ; 2.32 V                      ; 1.08e-06 V                  ; 2.36 V             ; -0.0113 V          ; 0.122 V                             ; 0.022 V                             ; 4.5e-10 s                  ; 4.45e-10 s                 ; Yes                       ; Yes                       ;
; ~ALTERA_DCLK~ ; 2.5 V        ; 0 s                 ; 0 s                 ; 2.32 V                       ; 5.68e-07 V                   ; 2.35 V              ; -0.0132 V           ; 0.2 V                                ; 0.027 V                              ; 5.26e-10 s                  ; 4.81e-10 s                  ; Yes                        ; Yes                        ; 2.32 V                      ; 5.68e-07 V                  ; 2.35 V             ; -0.0132 V          ; 0.2 V                               ; 0.027 V                             ; 5.26e-10 s                 ; 4.81e-10 s                 ; Yes                       ; Yes                       ;
; ~ALTERA_nCEO~ ; 2.5 V        ; 0 s                 ; 0 s                 ; 2.32 V                       ; 9.36e-07 V                   ; 2.35 V              ; -0.00444 V          ; 0.18 V                               ; 0.019 V                              ; 7.23e-10 s                  ; 9.82e-10 s                  ; Yes                        ; Yes                        ; 2.32 V                      ; 9.36e-07 V                  ; 2.35 V             ; -0.00444 V         ; 0.18 V                              ; 0.019 V                             ; 7.23e-10 s                 ; 9.82e-10 s                 ; Yes                       ; Yes                       ;
+---------------+--------------+---------------------+---------------------+------------------------------+------------------------------+---------------------+---------------------+--------------------------------------+--------------------------------------+-----------------------------+-----------------------------+----------------------------+----------------------------+-----------------------------+-----------------------------+--------------------+--------------------+-------------------------------------+-------------------------------------+----------------------------+----------------------------+---------------------------+---------------------------+


+--------------------------------------------------------------------------------------------------------------------------------------------------------------------------------------------------------------------------------------------------------------------------------------------------------------------------------------------------------------------------------------------------------------------------------------------------------------------------------------------------------------------------------------------------------------------------------------------------------------------------------------------------------------------------------------------+
; Fast Corner Signal Integrity Metrics                                                                                                                                                                                                                                                                                                                                                                                                                                                                                                                                                                                                                                                       ;
+---------------+--------------+---------------------+---------------------+------------------------------+------------------------------+---------------------+---------------------+--------------------------------------+--------------------------------------+-----------------------------+-----------------------------+----------------------------+----------------------------+-----------------------------+-----------------------------+--------------------+--------------------+-------------------------------------+-------------------------------------+----------------------------+----------------------------+---------------------------+---------------------------+
; Pin           ; I/O Standard ; Board Delay on Rise ; Board Delay on Fall ; Steady State Voh at FPGA Pin ; Steady State Vol at FPGA Pin ; Voh Max at FPGA Pin ; Vol Min at FPGA Pin ; Ringback Voltage on Rise at FPGA Pin ; Ringback Voltage on Fall at FPGA Pin ; 10-90 Rise Time at FPGA Pin ; 90-10 Fall Time at FPGA Pin ; Monotonic Rise at FPGA Pin ; Monotonic Fall at FPGA Pin ; Steady State Voh at Far-end ; Steady State Vol at Far-end ; Voh Max at Far-end ; Vol Min at Far-end ; Ringback Voltage on Rise at Far-end ; Ringback Voltage on Fall at Far-end ; 10-90 Rise Time at Far-end ; 90-10 Fall Time at Far-end ; Monotonic Rise at Far-end ; Monotonic Fall at Far-end ;
+---------------+--------------+---------------------+---------------------+------------------------------+------------------------------+---------------------+---------------------+--------------------------------------+--------------------------------------+-----------------------------+-----------------------------+----------------------------+----------------------------+-----------------------------+-----------------------------+--------------------+--------------------+-------------------------------------+-------------------------------------+----------------------------+----------------------------+---------------------------+---------------------------+
; led[6]        ; 2.5 V        ; 0 s                 ; 0 s                 ; 2.62 V                       ; 4.11e-08 V                   ; 2.73 V              ; -0.0566 V           ; 0.191 V                              ; 0.12 V                               ; 2.69e-10 s                  ; 2.76e-10 s                  ; Yes                        ; Yes                        ; 2.62 V                      ; 4.11e-08 V                  ; 2.73 V             ; -0.0566 V          ; 0.191 V                             ; 0.12 V                              ; 2.69e-10 s                 ; 2.76e-10 s                 ; Yes                       ; Yes                       ;
; led[5]        ; 2.5 V        ; 0 s                 ; 0 s                 ; 2.62 V                       ; 4.11e-08 V                   ; 2.73 V              ; -0.0566 V           ; 0.191 V                              ; 0.12 V                               ; 2.69e-10 s                  ; 2.76e-10 s                  ; Yes                        ; Yes                        ; 2.62 V                      ; 4.11e-08 V                  ; 2.73 V             ; -0.0566 V          ; 0.191 V                             ; 0.12 V                              ; 2.69e-10 s                 ; 2.76e-10 s                 ; Yes                       ; Yes                       ;
; led[4]        ; 2.5 V        ; 0 s                 ; 0 s                 ; 2.62 V                       ; 4.11e-08 V                   ; 2.73 V              ; -0.0566 V           ; 0.191 V                              ; 0.12 V                               ; 2.69e-10 s                  ; 2.76e-10 s                  ; Yes                        ; Yes                        ; 2.62 V                      ; 4.11e-08 V                  ; 2.73 V             ; -0.0566 V          ; 0.191 V                             ; 0.12 V                              ; 2.69e-10 s                 ; 2.76e-10 s                 ; Yes                       ; Yes                       ;
; led[3]        ; 2.5 V        ; 0 s                 ; 0 s                 ; 2.62 V                       ; 4.11e-08 V                   ; 2.73 V              ; -0.0566 V           ; 0.191 V                              ; 0.12 V                               ; 2.69e-10 s                  ; 2.76e-10 s                  ; Yes                        ; Yes                        ; 2.62 V                      ; 4.11e-08 V                  ; 2.73 V             ; -0.0566 V          ; 0.191 V                             ; 0.12 V                              ; 2.69e-10 s                 ; 2.76e-10 s                 ; Yes                       ; Yes                       ;
; led[2]        ; 2.5 V        ; 0 s                 ; 0 s                 ; 2.62 V                       ; 4.11e-08 V                   ; 2.73 V              ; -0.0566 V           ; 0.191 V                              ; 0.12 V                               ; 2.69e-10 s                  ; 2.76e-10 s                  ; Yes                        ; Yes                        ; 2.62 V                      ; 4.11e-08 V                  ; 2.73 V             ; -0.0566 V          ; 0.191 V                             ; 0.12 V                              ; 2.69e-10 s                 ; 2.76e-10 s                 ; Yes                       ; Yes                       ;
; led[1]        ; 2.5 V        ; 0 s                 ; 0 s                 ; 2.62 V                       ; 4.11e-08 V                   ; 2.73 V              ; -0.0566 V           ; 0.191 V                              ; 0.12 V                               ; 2.69e-10 s                  ; 2.76e-10 s                  ; Yes                        ; Yes                        ; 2.62 V                      ; 4.11e-08 V                  ; 2.73 V             ; -0.0566 V          ; 0.191 V                             ; 0.12 V                              ; 2.69e-10 s                 ; 2.76e-10 s                 ; Yes                       ; Yes                       ;
; led[0]        ; 2.5 V        ; 0 s                 ; 0 s                 ; 2.62 V                       ; 4.11e-08 V                   ; 2.73 V              ; -0.0566 V           ; 0.191 V                              ; 0.12 V                               ; 2.69e-10 s                  ; 2.76e-10 s                  ; Yes                        ; Yes                        ; 2.62 V                      ; 4.11e-08 V                  ; 2.73 V             ; -0.0566 V          ; 0.191 V                             ; 0.12 V                              ; 2.69e-10 s                 ; 2.76e-10 s                 ; Yes                       ; Yes                       ;
; ~ALTERA_DCLK~ ; 2.5 V        ; 0 s                 ; 0 s                 ; 2.62 V                       ; 2.22e-08 V                   ; 2.72 V              ; -0.0747 V           ; 0.28 V                               ; 0.169 V                              ; 3.1e-10 s                   ; 3.01e-10 s                  ; No                         ; Yes                        ; 2.62 V                      ; 2.22e-08 V                  ; 2.72 V             ; -0.0747 V          ; 0.28 V                              ; 0.169 V                             ; 3.1e-10 s                  ; 3.01e-10 s                 ; No                        ; Yes                       ;
; ~ALTERA_nCEO~ ; 2.5 V        ; 0 s                 ; 0 s                 ; 2.62 V                       ; 3.53e-08 V                   ; 2.7 V               ; -0.0212 V           ; 0.204 V                              ; 0.049 V                              ; 4.85e-10 s                  ; 6.73e-10 s                  ; No                         ; Yes                        ; 2.62 V                      ; 3.53e-08 V                  ; 2.7 V              ; -0.0212 V          ; 0.204 V                             ; 0.049 V                             ; 4.85e-10 s                 ; 6.73e-10 s                 ; No                        ; Yes                       ;
+---------------+--------------+---------------------+---------------------+------------------------------+------------------------------+---------------------+---------------------+--------------------------------------+--------------------------------------+-----------------------------+-----------------------------+----------------------------+----------------------------+-----------------------------+-----------------------------+--------------------+--------------------+-------------------------------------+-------------------------------------+----------------------------+----------------------------+---------------------------+---------------------------+


+-------------------------------------------------------------------+
; Setup Transfers                                                   ;
+------------+----------+----------+----------+----------+----------+
; From Clock ; To Clock ; RR Paths ; FR Paths ; RF Paths ; FF Paths ;
+------------+----------+----------+----------+----------+----------+
; clk        ; clk      ; 0        ; 0        ; 0        ; 1        ;
; reset      ; clk      ; 0        ; 0        ; 3        ; 1        ;
+------------+----------+----------+----------+----------+----------+
Entries labeled "false path" only account for clock-to-clock false paths and not path-based false paths. As a result, actual path counts may be lower than reported.


+-------------------------------------------------------------------+
; Hold Transfers                                                    ;
+------------+----------+----------+----------+----------+----------+
; From Clock ; To Clock ; RR Paths ; FR Paths ; RF Paths ; FF Paths ;
+------------+----------+----------+----------+----------+----------+
; clk        ; clk      ; 0        ; 0        ; 0        ; 1        ;
; reset      ; clk      ; 0        ; 0        ; 3        ; 1        ;
+------------+----------+----------+----------+----------+----------+
Entries labeled "false path" only account for clock-to-clock false paths and not path-based false paths. As a result, actual path counts may be lower than reported.


+-------------------------------------------------------------------+
; Recovery Transfers                                                ;
+------------+----------+----------+----------+----------+----------+
; From Clock ; To Clock ; RR Paths ; FR Paths ; RF Paths ; FF Paths ;
+------------+----------+----------+----------+----------+----------+
; reset      ; clk      ; 0        ; 0        ; 1        ; 1        ;
+------------+----------+----------+----------+----------+----------+
Entries labeled "false path" only account for clock-to-clock false paths and not path-based false paths. As a result, actual path counts may be lower than reported.


+-------------------------------------------------------------------+
; Removal Transfers                                                 ;
+------------+----------+----------+----------+----------+----------+
; From Clock ; To Clock ; RR Paths ; FR Paths ; RF Paths ; FF Paths ;
+------------+----------+----------+----------+----------+----------+
; reset      ; clk      ; 0        ; 0        ; 1        ; 1        ;
+------------+----------+----------+----------+----------+----------+
Entries labeled "false path" only account for clock-to-clock false paths and not path-based false paths. As a result, actual path counts may be lower than reported.


---------------
; Report TCCS ;
---------------
No dedicated SERDES Transmitter circuitry present in device or used in design


---------------
; Report RSKM ;
---------------
No non-DPA dedicated SERDES Receiver circuitry present in device or used in design


+------------------------------------------------+
; Unconstrained Paths                            ;
+---------------------------------+-------+------+
; Property                        ; Setup ; Hold ;
+---------------------------------+-------+------+
; Illegal Clocks                  ; 0     ; 0    ;
; Unconstrained Clocks            ; 0     ; 0    ;
; Unconstrained Input Ports       ; 2     ; 2    ;
; Unconstrained Input Port Paths  ; 10    ; 10   ;
; Unconstrained Output Ports      ; 4     ; 4    ;
; Unconstrained Output Port Paths ; 16    ; 16   ;
+---------------------------------+-------+------+


+------------------------------------+
; TimeQuest Timing Analyzer Messages ;
+------------------------------------+
Info: *******************************************************************
Info: Running Quartus II 64-Bit TimeQuest Timing Analyzer
    Info: Version 13.1.0 Build 162 10/23/2013 SJ Web Edition
    Info: Processing started: Fri Dec 08 14:54:32 2023
Info: Command: quartus_sta step_3 -c step_3
Info: qsta_default_script.tcl version: #1
Warning (20028): Parallel compilation is not licensed and has been disabled
Info (21077): Core supply voltage is 1.2V
Info (21077): Low junction temperature is 0 degrees C
Info (21077): High junction temperature is 85 degrees C
Warning (335093): TimeQuest Timing Analyzer is analyzing 1 combinational loops as latches.
Critical Warning (332012): Synopsys Design Constraints File file not found: 'step_3.sdc'. A Synopsys Design Constraints File is required by the TimeQuest Timing Analyzer to get proper timing constraints. Without it, the Compiler will not properly optimize the design.
Info (332142): No user constrained base clocks found in the design. Calling "derive_clocks -period 1.0"
Info (332105): Deriving Clocks
    Info (332105): create_clock -period 1.000 -name clk clk
    Info (332105): create_clock -period 1.000 -name reset reset
Info (332143): No user constrained clock uncertainty found in the design. Calling "derive_clock_uncertainty"
Info (332123): Deriving Clock Uncertainty. Please refer to report_sdc in TimeQuest to see clock uncertainties.
Info: Found TIMEQUEST_REPORT_SCRIPT_INCLUDE_DEFAULT_ANALYSIS = ON
Info: Analyzing Slow 1200mV 85C Model
Critical Warning (332148): Timing requirements not met
    Info (11105): For recommendations on closing timing, run Report Timing Closure Recommendations in the TimeQuest Timing Analyzer.
Info (332146): Worst-case setup slack is -0.086
    Info (332119):     Slack       End Point TNS Clock 
    Info (332119): ========= =================== =====================
    Info (332119):    -0.086              -0.086 clk 
Info (332146): Worst-case hold slack is 0.007
    Info (332119):     Slack       End Point TNS Clock 
    Info (332119): ========= =================== =====================
    Info (332119):     0.007               0.000 clk 
Info (332146): Worst-case recovery slack is 0.239
    Info (332119):     Slack       End Point TNS Clock 
    Info (332119): ========= =================== =====================
    Info (332119):     0.239               0.000 clk 
Info (332146): Worst-case removal slack is 0.012
    Info (332119):     Slack       End Point TNS Clock 
    Info (332119): ========= =================== =====================
    Info (332119):     0.012               0.000 clk 
Info (332146): Worst-case minimum pulse width slack is -3.000
    Info (332119):     Slack       End Point TNS Clock 
    Info (332119): ========= =================== =====================
    Info (332119):    -3.000              -4.000 clk 
    Info (332119):    -3.000              -3.000 reset 
Info: Analyzing Slow 1200mV 0C Model
Info (334003): Started post-fitting delay annotation
Info (334004): Delay annotation completed successfully
Info (332123): Deriving Clock Uncertainty. Please refer to report_sdc in TimeQuest to see clock uncertainties.
Info (332146): Worst-case setup slack is 0.002
    Info (332119):     Slack       End Point TNS Clock 
    Info (332119): ========= =================== =====================
    Info (332119):     0.002               0.000 clk 
Critical Warning (332148): Timing requirements not met
    Info (11105): For recommendations on closing timing, run Report Timing Closure Recommendations in the TimeQuest Timing Analyzer.
Info (332146): Worst-case hold slack is -0.012
    Info (332119):     Slack       End Point TNS Clock 
    Info (332119): ========= =================== =====================
    Info (332119):    -0.012              -0.012 clk 
Info (332146): Worst-case recovery slack is 0.247
    Info (332119):     Slack       End Point TNS Clock 
    Info (332119): ========= =================== =====================
    Info (332119):     0.247               0.000 clk 
Info (332146): Worst-case removal slack is -0.005
    Info (332119):     Slack       End Point TNS Clock 
    Info (332119): ========= =================== =====================
    Info (332119):    -0.005              -0.005 clk 
Info (332146): Worst-case minimum pulse width slack is -3.000
    Info (332119):     Slack       End Point TNS Clock 
    Info (332119): ========= =================== =====================
    Info (332119):    -3.000              -4.000 clk 
    Info (332119):    -3.000              -3.000 reset 
Info: Analyzing Fast 1200mV 0C Model
Info (332123): Deriving Clock Uncertainty. Please refer to report_sdc in TimeQuest to see clock uncertainties.
Info (332146): Worst-case setup slack is 0.405
    Info (332119):     Slack       End Point TNS Clock 
    Info (332119): ========= =================== =====================
    Info (332119):     0.405               0.000 clk 
Critical Warning (332148): Timing requirements not met
    Info (11105): For recommendations on closing timing, run Report Timing Closure Recommendations in the TimeQuest Timing Analyzer.
Info (332146): Worst-case hold slack is -0.030
    Info (332119):     Slack       End Point TNS Clock 
    Info (332119): ========= =================== =====================
    Info (332119):    -0.030              -0.030 clk 
Info (332146): Worst-case recovery slack is 0.699
    Info (332119):     Slack       End Point TNS Clock 
    Info (332119): ========= =================== =====================
    Info (332119):     0.699               0.000 clk 
Info (332146): Worst-case removal slack is -0.010
    Info (332119):     Slack       End Point TNS Clock 
    Info (332119): ========= =================== =====================
    Info (332119):    -0.010              -0.010 clk 
Info (332146): Worst-case minimum pulse width slack is -3.000
    Info (332119):     Slack       End Point TNS Clock 
    Info (332119): ========= =================== =====================
    Info (332119):    -3.000              -4.161 clk 
    Info (332119):    -3.000              -3.000 reset 
Info (332102): Design is not fully constrained for setup requirements
Info (332102): Design is not fully constrained for hold requirements
Info: Quartus II 64-Bit TimeQuest Timing Analyzer was successful. 0 errors, 6 warnings
    Info: Peak virtual memory: 4612 megabytes
    Info: Processing ended: Fri Dec 08 14:54:34 2023
    Info: Elapsed time: 00:00:02
    Info: Total CPU time (on all processors): 00:00:01


