------------------------------------------------------------
TimeQuest Timing Analyzer Summary
------------------------------------------------------------

Type  : Slow 1200mV 85C Model Setup 'clk'
Slack : -0.086
TNS   : -0.086

Type  : Slow 1200mV 85C Model Hold 'clk'
Slack : 0.007
TNS   : 0.000

Type  : Slow 1200mV 85C Model Recovery 'clk'
Slack : 0.239
TNS   : 0.000

Type  : Slow 1200mV 85C Model Removal 'clk'
Slack : 0.012
TNS   : 0.000

Type  : Slow 1200mV 85C Model Minimum Pulse Width 'clk'
Slack : -3.000
TNS   : -4.000

Type  : Slow 1200mV 85C Model Minimum Pulse Width 'reset'
Slack : -3.000
TNS   : -3.000

Type  : Slow 1200mV 0C Model Setup 'clk'
Slack : 0.002
TNS   : 0.000

Type  : Slow 1200mV 0C Model Hold 'clk'
Slack : -0.012
TNS   : -0.012

Type  : Slow 1200mV 0C Model Recovery 'clk'
Slack : 0.247
TNS   : 0.000

Type  : Slow 1200mV 0C Model Removal 'clk'
Slack : -0.005
TNS   : -0.005

Type  : Slow 1200mV 0C Model Minimum Pulse Width 'clk'
Slack : -3.000
TNS   : -4.000

Type  : Slow 1200mV 0C Model Minimum Pulse Width 'reset'
Slack : -3.000
TNS   : -3.000

Type  : Fast 1200mV 0C Model Setup 'clk'
Slack : 0.405
TNS   : 0.000

Type  : Fast 1200mV 0C Model Hold 'clk'
Slack : -0.030
TNS   : -0.030

Type  : Fast 1200mV 0C Model Recovery 'clk'
Slack : 0.699
TNS   : 0.000

Type  : Fast 1200mV 0C Model Removal 'clk'
Slack : -0.010
TNS   : -0.010

Type  : Fast 1200mV 0C Model Minimum Pulse Width 'clk'
Slack : -3.000
TNS   : -4.161

Type  : Fast 1200mV 0C Model Minimum Pulse Width 'reset'
Slack : -3.000
TNS   : -3.000

------------------------------------------------------------
